seg000:0000D1FB                 mov     [esp+4B8h+var_4B0], 32h ; '2'
seg000:0000D203                 mov     [esp+4B8h+var_4B4], offset aStep3DynarrayA ; "-> [STEP 3]: dynarray_add() passed succ"...
seg000:0000D20B                 mov     [esp+4B8h+var_4B8], 1
seg000:0000D212                 call    sub_66C
seg000:0000D217                 cmp     [esp+4B8h+var_10], 0
seg000:0000D21F                 jnz     loc_D158
seg000:0000D225                 sub     [esp+4B8h+var_8], 1
seg000:0000D22D                 jmp     loc_D846
seg000:0000D232 ; ---------------------------------------------------------------------------
seg000:0000D232
seg000:0000D232 loc_D232:                               ; CODE XREF: _main+2E0↑j
seg000:0000D232                 mov     [esp+4B8h+var_30], offset off_1F4C0 ; popt = tcc_options;
seg000:0000D23D                 mov     eax, [esp+4B8h+var_64]
seg000:0000D244                 add     eax, 1
seg000:0000D247                 mov     [esp+4B8h+var_68], eax ; r1 = r + 1;
seg000:0000D24E
seg000:0000D24E loc_D24E:                               ; CODE XREF: _main+41F↓j
seg000:0000D24E                 mov     eax, [esp+4B8h+var_30]
seg000:0000D255                 mov     eax, [eax]
seg000:0000D257                 mov     [esp+4B8h+var_6C], eax ; p1 = popt->name;
seg000:0000D25E                 cmp     [esp+4B8h+var_6C], 0 ; if (p1 == NULL) {
seg000:0000D266                 jnz     short loc_D27F
seg000:0000D268                 mov     eax, [esp+4B8h+var_64]
seg000:0000D26F                 mov     [esp+4B8h+var_4B4], eax
seg000:0000D273                 mov     [esp+4B8h+var_4B8], offset aInvalidOptionS ; "invalid option -- '%s'"
seg000:0000D27A                 call    sub_5D0C        ; error("invalid option -- '%s'", r);
seg000:0000D27F
seg000:0000D27F loc_D27F:                               ; CODE XREF: _main+372↑j
seg000:0000D27F                 mov     eax, [esp+4B8h+var_6C] ; char *s1 = (char *)p1;
seg000:0000D286                 mov     [esp+4B8h+var_40], eax
seg000:0000D28D                 mov     eax, [esp+4B8h+var_68] ; char *s2 = (char *)r1;
seg000:0000D294                 mov     [esp+4B8h+var_44], eax
seg000:0000D29B                 jmp     short loc_D2AD  ; while (*s1 && (*s1 == *s2)) {
seg000:0000D29D ; ---------------------------------------------------------------------------
seg000:0000D29D
seg000:0000D29D loc_D29D:                               ; CODE XREF: _main+3DD↓j
seg000:0000D29D                 add     [esp+4B8h+var_40], 1 ; s1++;
seg000:0000D2A5                 add     [esp+4B8h+var_44], 1 ; s2++;
seg000:0000D2AD
seg000:0000D2AD loc_D2AD:                               ; CODE XREF: _main+3A7↑j
seg000:0000D2AD                 mov     eax, [esp+4B8h+var_40] ; while (*s1 && (*s1 == *s2)) {
seg000:0000D2B4                 movzx   eax, byte ptr [eax]
seg000:0000D2B7                 test    al, al
seg000:0000D2B9                 jz      short loc_D2D3
seg000:0000D2BB                 mov     eax, [esp+4B8h+var_40]
seg000:0000D2C2                 movzx   edx, byte ptr [eax]
seg000:0000D2C5                 mov     eax, [esp+4B8h+var_44]
seg000:0000D2CC                 movzx   eax, byte ptr [eax]
seg000:0000D2CF                 cmp     dl, al
seg000:0000D2D1                 jz      short loc_D29D
seg000:0000D2D3
seg000:0000D2D3 loc_D2D3:                               ; CODE XREF: _main+3C5↑j
seg000:0000D2D3                 mov     eax, [esp+4B8h+var_40]
seg000:0000D2DA                 movzx   eax, byte ptr [eax]
seg000:0000D2DD                 test    al, al
seg000:0000D2DF                 jnz     short loc_D30B
seg000:0000D2E1                 mov     eax, [esp+4B8h+var_44]
seg000:0000D2E8                 mov     [esp+4B8h+var_68], eax
seg000:0000D2EF                 nop
seg000:0000D2F0                 mov     eax, [esp+4B8h+var_30] ; popt
seg000:0000D2F7                 movzx   eax, word ptr [eax+6] ; popt->flags
seg000:0000D2FB                 movzx   eax, ax
seg000:0000D2FE                 and     eax, 1          ; if (popt->flags & TCC_OPTION_HAS_ARG) {
seg000:0000D301                 test    eax, eax
seg000:0000D303                 jz      loc_D396
seg000:0000D309                 jmp     short loc_D318  ; if (*r1 != '\0' || (popt->flags & TCC_OPTION_NOSEP)) {
seg000:0000D30B ; ---------------------------------------------------------------------------
seg000:0000D30B
seg000:0000D30B loc_D30B:                               ; CODE XREF: _main+3EB↑j
seg000:0000D30B                 add     [esp+4B8h+var_30], 8
seg000:0000D313                 jmp     loc_D24E
seg000:0000D318 ; ---------------------------------------------------------------------------
seg000:0000D318
seg000:0000D318 loc_D318:                               ; CODE XREF: _main+415↑j
seg000:0000D318                 mov     eax, [esp+4B8h+var_68] ; if (*r1 != '\0' || (popt->flags & TCC_OPTION_NOSEP)) {
seg000:0000D31F                 movzx   eax, byte ptr [eax]
seg000:0000D322                 test    al, al
seg000:0000D324                 jnz     short loc_D33B
seg000:0000D326                 mov     eax, [esp+4B8h+var_30]
seg000:0000D32D                 movzx   eax, word ptr [eax+6] ; popt->flags
seg000:0000D331                 movzx   eax, ax
seg000:0000D334                 and     eax, 2          ; TCC_OPTION_NOSEP
seg000:0000D337                 test    eax, eax
seg000:0000D339                 jz      short loc_D34B
seg000:0000D33B
seg000:0000D33B loc_D33B:                               ; CODE XREF: _main+430↑j
seg000:0000D33B                 mov     eax, [esp+4B8h+var_68] ; optarg = r1;
seg000:0000D342                 mov     [esp+4B8h+var_34], eax
seg000:0000D349                 jmp     short loc_D3AF

seg000:0001F4C0 off_1F4C0       dd offset asc_1CF12     ; DATA XREF: _main:loc_D232↑o
seg000:0001F4C0                                         ; "h"

seg000:0001CB30                 db 'Debugger options:',0Ah
seg000:0001CB30                 db '  -g          generate runtime debug info',0Ah
seg000:0001CB30                 db '  -bt N       show N callers in stack traces',0Ah,0
seg000:0001CF12 asc_1CF12       db 'h',0,'?',0,'I',0,'D',0,'U',0,'L',0,'B',0,'l',0,'bench',0,'bt',0,'g'
seg000:0001CF12                                         ; DATA XREF: seg000:off_1F4C0↓o
seg000:0001CF12                 db 0,'static',0,'shared',0,'o',0,'run',0,'rdynamic',0,'r'
seg000:0001CF4B                 align 4
seg000:0001CF4C aWomf:
seg000:0001CF4C                 text "UTF-16LE", 'WOmf'
seg000:0001CF54 aNostdinc       db 'nostdinc',0
seg000:0001CF5D aPrintSearchDir db 'print-search-dirs',0
seg000:0001CF6F                 db  76h ; v
seg000:0001CF70                 dd 0
seg000:0001CF74 aTinyCCompilerV db 'Tiny C Compiler version 0.9.18 for TRDOS 386',0Dh,0Ah,0
seg000:0001CF74                                         ; DATA XREF: _main+3A↑o
seg000:0001CFA3                 align 4
seg000:0001CFA4 aUsageTccOption db 'Usage: tcc [options] [infile1] [infile2]...',0Dh,0Ah,0
seg000:0001CFA4                                         ; DATA XREF: _main+56↑o
seg000:0001CFD2 aOptions        db 'Options:',0Dh,0Ah,0 ; DATA XREF: _main+72↑o
seg000:0001CFDD                 align 10h
seg000:0001CFE0 aCCompileOnlyPr db '  -c          compile only (produce .o object file)',0Dh,0Ah,0
seg000:0001CFE0                                         ; DATA XREF: _main+8E↑o
seg000:0001D016                 align 4